Fetching an active store...
Simulating transaction for store: UrbanSmart Demo Store (811298f2-31aa-4e90-9071-41999bfe47a0)

Sending POST request to http://localhost:3000/api/process-payment...

Response received in 461ms:
Status: 402
{
  success: false,
  error: 'Payment Declined',
  details: {
    timestamp: '2026-02-24T11:59:20.254+00:00',
    path: '/checkouts',
    status: 403,
    error: 'Forbidden',
    requestId: '4e32822a-20057',
    message: 'A key is required, but has not been specified.'
  }
}

Γ¥î FAILOVER DID NOT TRIGGER. Transaction was handled by: Unknown
